// Jest Snapshot v1, https://goo.gl/fbAQLP

exports[`Services should not have regressed 1`] = `
<div>
  <hr
    className="services-container-border-line"
  />
  <div
    className="services-container"
  >
    <h2
      className="primary-header"
    >
      Our Services
    </h2>
    <div
      className="row"
    >
      <span
        className="col-1-of-2"
      >
        <ServicesCard
          cardTitle="Manicure"
          image=""
        />
      </span>
      <span
        className="col-1-of-2"
      >
        <ServicesCard
          cardTitle="Pedicure"
          image=""
        />
      </span>
    </div>
    <div
      className="row"
    >
      <span
        className="col-1-of-2"
      >
        <ServicesCard
          cardTitle="Nail Extensions"
          image=""
        />
      </span>
      <span
        className="col-1-of-2"
      >
        <ServicesCard
          cardTitle="Add Ons"
          image=""
        />
      </span>
    </div>
  </div>
</div>
`;
