// Jest Snapshot v1, https://goo.gl/fbAQLP

exports[`Services should not have regressed 1`] = `
<div
  className="serving"
  id="serving"
>
  <div
    className="serving-board"
  >
    <hr
      className="services-container-border-line"
    />
    <div
      className="services-container"
    >
      <h2
        className="primary-header"
      >
        header.services
      </h2>
      <div
        className="container-fluid"
      >
        <div
          className="row"
        >
          <ServicesCard
            cardTitle="services.manicure"
            className="col"
            image=""
          />
          <ServicesCard
            cardTitle="services.pedicure"
            className="col"
            image=""
          />
        </div>
        <div
          className="row"
        >
          <ServicesCard
            cardTitle="services.extensions"
            className="col"
            image=""
          />
          <ServicesCard
            cardTitle="services.addons"
            className="col"
            image=""
          />
        </div>
      </div>
    </div>
  </div>
</div>
`;
