// Jest Snapshot v1, https://goo.gl/fbAQLP

exports[`ScrollIndicator should not have regressed 1`] = `
<div
  className="scroll-indicator"
>
  <div
    className="indicator-item"
  >
    Home
    <span
      className="dot"
    />
  </div>
  <div
    className="indicator-item"
  >
    Our Services
    <span
      className="dot"
    />
  </div>
  <div
    className="indicator-item"
  >
    Our Story
    <span
      className="dot"
    />
  </div>
  <div
    className="indicator-item"
  >
    Make an appointment
    <span
      className="dot"
    />
  </div>
  <div
    className="indicator-item"
  >
    Contact
    <span
      className="dot"
    />
  </div>
</div>
`;
