// Jest Snapshot v1, https://goo.gl/fbAQLP

exports[`OurStory should not have regressed 1`] = `
<div
  className="ourstory-box"
  id="ourstory"
>
  <div
    className="ourstory-board row"
  >
    <div
      className="our-story-image col"
    />
    <div
      className="col"
    >
      <div
        className="story-container"
      >
        <h2
          className="primary-header"
        >
          header.story
        </h2>
        <p
          className="story"
        >
          story.part1
          <br />
          <br />
          story.part2
        </p>
      </div>
    </div>
  </div>
</div>
`;
