// Jest Snapshot v1, https://goo.gl/fbAQLP

exports[`ContactSection should not have regressed 1`] = `
<div
  className="direction-box"
>
  <Header />
  <hr
    className="direction-container-border-line"
  />
  <div
    className="direction-container"
  >
    <ContactInformation />
    <div
      className="map"
    >
      <withScriptjs(withGoogleMap(Component))
        containerElement={
          <div
            style={
              Object {
                "height": "400px",
              }
            }
          />
        }
        googleMapURL="https://maps.googleapis.com/maps/api/js?key=undefined&v=3.exp&libraries=geometry,drawing,places"
        loadingElement={
          <div
            style={
              Object {
                "height": "100%",
              }
            }
          />
        }
        mapElement={
          <div
            style={
              Object {
                "height": "100%",
              }
            }
          />
        }
      />
      ;
    </div>
  </div>
</div>
`;
