// Jest Snapshot v1, https://goo.gl/fbAQLP

exports[`Welcome should not have regressed 1`] = `
<div
  className="Welcome"
>
  <div
    className="welcome-pad"
  >
    <Header />
    <div
      className="welcome-note"
    >
      <span
        className="welcome-tag"
      >
        welcome.header
      </span>
      <br />
      <br />
      <br />
      <span
        className="sub-tag"
      >
        welcome.subtitle
      </span>
    </div>
  </div>
</div>
`;
