// Jest Snapshot v1, https://goo.gl/fbAQLP

exports[`ServicesDetail should not have regressed 1`] = `
<div
  className="services-detail-container"
>
  <div
    className="services-image--testingcomponent"
  >
    <img
      alt="Logo"
      className="ticketImage"
      data-test="logoIMG"
    />
  </div>
  <div
    className="services-description services-description--testingcomponent"
  >
    <hr
      className="services-name-border-top services-name-border-top--testingcomponent"
    />
    <h2
      className="services-name services-name--testingcomponent"
    >
      TestingComponent
    </h2>
    <a
      className="btn btn-book-now btn-book-now--testingcomponent"
      href="https://nailsaloninvisibles.simplespa.com/#"
      role="button"
    >
      <span
        className="button-text"
      >
        Book Now &gt;
      </span>
    </a>
  </div>
</div>
`;
