// Jest Snapshot v1, https://goo.gl/fbAQLP

exports[`ContactSection should not have regressed 1`] = `
<div
  className="contact-box"
>
  <hr
    className="contact-container-border-line"
  />
  <div
    className="contact-container"
  >
    <h2
      className="primary-header"
    >
      Contact Us
    </h2>
    <h3
      className="primary-location"
    >
      Ground Foor, Al Raed Groove, Ashirat Sudayr street,  
      <br />
      Ar Raid, Riyadh 12355
    </h3>
    <h3
      className="primary-info"
    >
      info@mysite.com  |  Tel: 123-456-7890
    </h3>
    <h2
      className="secondary-header"
    >
      Opening Hours
    </h2>
    <h3
      className="primary-info"
    >
      Mon - Thur & Sat: 11am - 9pm
      <br />
      Friday: 2pm - 9pm
      <br />
      Sunday: Closed
    </h3>
    <div>
      <form>
        <div
          className="contact-row form-row align-items-center"
        >
          <div
            className="col"
          >
            <input
              className="form-control contact-info"
              id="inlineFormInputName"
              placeholder="Name"
              type="text"
            />
          </div>
          <div
            className="col"
          >
            <input
              className="form-control contact-info"
              id="inlineFormInputEmail"
              placeholder="Email"
              type="text"
            />
          </div>
          <div
            className="col"
          >
            <input
              className="form-control contact-info"
              id="inlineFormInputPhoneNumber"
              placeholder="Phone Number"
              type="text"
            />
          </div>
          <div
            className="col"
          >
            <textarea
              className="form-control contact-info"
              id="inlineFormInputeMessage"
              placeholder="Message"
              rows="3"
            />
          </div>
          <div
            className="col-auto"
          >
            <button
              className="btn btn-primary contact-info"
              type="submit"
            >
              Submit
            </button>
          </div>
        </div>
      </form>
    </div>
    <h3
      className="primary-thank-you-note"
    >
      Thank You For Contacting Us
    </h3>
    <a
      className="primary-direction-route"
      href="#"
      rel="noopener noreferrer"
      target="_blank"
    >
      See Directions &gt;
    </a>
  </div>
</div>
`;
