// Jest Snapshot v1, https://goo.gl/fbAQLP

exports[`Footer should not have regressed 1`] = `
<div
  className="Footer"
>
  <div
    className="row"
  >
    <div
      className="foot col-md-12"
    >
      <a
        className="social"
        href="#"
        rel="noopener noreferrer"
        target="_blank"
      >
        <i
          className="fab fa-facebook"
        />
      </a>
      <span>
           
      </span>
      <a
        className="social"
        href="#"
        rel="noopener noreferrer"
        target="_blank"
      >
        <i
          className="fab fa-instagram"
        />
      </a>
      <span>
           
      </span>
      <a
        className="social"
        href="#"
        rel="noopener noreferrer"
        target="_blank"
      >
        <i
          className="fab fa-twitter"
        />
      </a>
      <br />
      <br />
      <span>
        Copyright © 2019 by Nail Salon
      </span>
    </div>
  </div>
</div>
`;
