// Jest Snapshot v1, https://goo.gl/fbAQLP

exports[`Header should not have regressed 1`] = `
<div
  className="Header"
>
  <nav
    className="navbar navbar-expand-lg navbar-light"
  >
    <a
      className="navbar-brand"
      href="/"
    >
      <img
        alt="side navigation bar"
        className="nav-logo"
        src=""
        width="200px"
      />
    </a>
    <button
      aria-controls="navbarToggler"
      aria-expanded="false"
      aria-label="Toggle navigation"
      className="navbar-toggler"
      data-target="#navbarToggler"
      data-toggle="collapse"
      type="button"
    >
      <span
        className="navbar-toggler-icon"
      />
    </button>
    <div
      className="collapse navbar-collapse"
      id="navbarToggler"
    >
      <ul
        className="navbar-nav mr-auto"
      >
        <li
          className="nav-item u-margin-left"
        >
          <a
            className="nav-link active"
            href="/"
          >
            header.home
          </a>
        </li>
              
        <li
          className="nav-item u-margin-left"
        >
          <a
            className="nav-link"
            href="#serving"
          >
            header.services
          </a>
        </li>
              
        <li
          className="nav-item u-margin-left"
        >
          <a
            className="nav-link"
            href="#ourstory"
          >
            header.story
          </a>
        </li>
              
        <li
          className="nav-item u-margin-left"
        >
          <a
            className="nav-link"
            href="https://naileditsa.simplespa.com/#"
          >
            header.appointment
          </a>
        </li>
              
        <li
          className="nav-item u-margin-left"
        >
          <a
            className="nav-link"
            href="#contactus"
          >
            header.contact
          </a>
        </li>
      </ul>
    </div>
  </nav>
  <div
    className="dropdown translate"
  >
    <button
      aria-expanded="false"
      aria-haspopup="true"
      className="btn btn-secondary dropdown-toggle"
      data-toggle="dropdown"
      id="dropdownMenuButton"
      type="button"
    >
      header.translate
    </button>
    <div
      aria-labelledby="dropdownMenuButton"
      className="dropdown-menu"
    >
      <a
        className="dropdown-item"
        href="#"
        onClick={[Function]}
      >
        language.english
      </a>
      <a
        className="dropdown-item"
        href="#"
        onClick={[Function]}
      >
        language.arabic
      </a>
    </div>
  </div>
</div>
`;
